
Using defaults for unprovided options:

  --ts                    TypeScript (use --js for JavaScript)
  --no-react-compiler     No React Compiler (use --react-compiler for React Compiler)
  --tailwind              Tailwind CSS (use --no-tailwind for No Tailwind CSS)
  --agents-md             AGENTS.md (use --no-agents-md for No AGENTS.md)

Creating a new Next.js app in /home/kalem/my-projects/archFirm/archfirm.

Using npm.

Initializing project with template: app-tw 


Installing dependencies:
- next
- react
- react-dom

Installing devDependencies:
- @tailwindcss/postcss
- @types/node
- @types/react
- @types/react-dom
- eslint
- eslint-config-next
- tailwindcss
- typescript


added 359 packages, and audited 360 packages in 42s

143 packages are looking for funding
  run `npm fund` for details

found 0 vulnerabilities

Generating route types...
✓ Types generated successfully

Initialized a git repository.

Success! Created archfirm at /home/kalem/my-projects/archFirm/archfirm

